// Jest Snapshot v1, https://goo.gl/fbAQLP

exports[`render does a baseline render 1`] = `
<PlayButton
  brushDomainMax={1534164400000}
  brushDomainMin={1533309900034}
  densityChartXScale={[Function]}
  frameDelay={500}
  frameStep={0.025}
  moveBrush={[MockFunction]}
  width={1000}
>
  <button
    className="ant-btn fdz-css-play-btn ant-btn-icon-only"
    onClick={[Function]}
    type="button"
  >
    <i
      className="anticon anticon-play-circle"
    >
      <svg
        fill="currentColor"
        height="1em"
        viewBox="64 64 896 896"
        width="1em"
      >
        <path
          d="M512 64C264.6 64 64 264.6 64 512s200.6 448 448 448 448-200.6 448-448S759.4 64 512 64zm0 820c-205.4
    0-372-166.6-372-372s166.6-372 372-372 372 166.6 372 372-166.6 372-372 372z"
        />
        <path
          d="M719.4 499.1l-296.1-215A15.9 15.9 0 0 0 398 297v430c0 13.1 14.8 20.5 25.3 12.9l296.1-215a15.9
    15.9 0 0 0 0-25.8zm-257.6 134V390.9L628.5 512 461.8 633.1z"
        />
      </svg>
    </i>
  </button>
</PlayButton>
`;
